

安装：
从Git官网下载源码，然后解压，依次输入：./config，make，sudo make install 	//win版直接EXE

设置：
$ git config --global user.name "Your Name"
$ git config --global user.email "email@example.com"

创建版本库
$ mkdir learngit   //可以先cd f: 定位到自己想要的位置
$ cd learngit
$ pwd
/Users/michael/learngit
$ git init

把文件添加到版本库
touch readme.txt
$ git add readme.txt		//可以添加多个文件，后面一次提交
$ git commit -m "wrote a readme file" readme.txt
git status

--查看暂存区和工作区的区别
git diff
--查看已提交仓库和暂存区的区别
git diff --cached



版本回退 
git log			//git log --pretty=oneline 查看日志（以一行显示）
git reset –-hard HEAD^		//当前版本用HEAD表示，上一个版本HEAD^，上上个HEAD^^，HEAD~100

git reflog		//查看命令历史


撤销修改和删除文件
git checkout --readme.txt 	//对未添加到暂存区的内容做撤销
git reset HEAD file			//对暂存区的修改撤销

rm file
git rm file					//--删除文件(同添加，rm后再commit) 确认删除
git checkout -- file		//--撤销删除



远程仓库

*注册帐号
https://github.com	//网页注册帐号	ssinping ssinping@qq.com
Create a new repo	//网页建立一个仓库 learngit

*SSH Key
ssh-keygen -t rsa -C "ssinping@qq.com"	//本地生成key
xclip -sel c ~/.ssh/id_rsa.pub		//将公钥内容复制到剪切板
GitHub 网站："account settings"》"Setting -> SSH Keys"->"New SSH key" 粘贴公钥内容确定

*推送仓库
cd learngit //定位到本地仓库目录
git remote add origin git@github.com:michaelliao/learngit.git  //https方式关联本地和远程
$ git remote add origin https://github.com/ssinping/learngit	//ssh方式关联本地和远程
git push -u origin master	//推送到GITHUB，-u 表示第一次推送master分支的所有内容










github提示Permission denied (publickey)，如何才能解决？
 前往 GitHub 网站的"account settings"，
 依次点击"Setting -> SSH Keys"->"New SSH key"
Title处填写“id_rsa.pub”或其他任意信息。 key处原样拷贝下面命令的打印 `~/.ssh/id_rsa.pub` 文件的内容：
``` cat ~/.ssh/id_rsa.pub ```
如没有则按下述方法生成：  ssh-keygen -t rsa  一路回车......  最后，输入“ssh -T git@github.com”确认OK即可。
再尝试输出就应该有了
```cat ~/.ssh/id_rsa.pub









